
> idea-platform@0.1.0 build
> next build

   Γû▓ Next.js 15.2.0

   Creating an optimized production build ...
